[ 2026-07-31 20:36:00,052 ] 22 root - INFO - Logging has started.
[ 2026-07-31 20:36:00,095 ] 18 root - INFO - ============================================================
[ 2026-07-31 20:36:00,097 ] 19 root - INFO - Starting Network Security Training Pipeline
[ 2026-07-31 20:36:00,097 ] 20 root - INFO - ============================================================
[ 2026-07-31 20:36:00,444 ] 44 root - INFO - MongoDB connection established successfully.
[ 2026-07-31 20:36:00,444 ] 38 root - INFO - Starting Data Ingestion...
[ 2026-07-31 20:36:00,444 ] 183 root - INFO - ============================================================
[ 2026-07-31 20:36:00,444 ] 184 root - INFO - Starting Data Ingestion Pipeline
[ 2026-07-31 20:36:00,444 ] 185 root - INFO - ============================================================
[ 2026-07-31 20:36:00,444 ] 54 root - INFO - Exporting collection from MongoDB.
[ 2026-07-31 20:36:02,475 ] 85 root - INFO - Successfully fetched 11055 records from MongoDB.
[ 2026-07-31 20:36:02,622 ] 117 root - INFO - Feature Store created at: artifacts\07_31_2026_20_36_00\data_ingestion\feature_store\phisingData.csv
[ 2026-07-31 20:36:02,624 ] 134 root - INFO - Performing Train-Test Split.
[ 2026-07-31 20:36:02,723 ] 167 root - INFO - Training data saved at: artifacts\07_31_2026_20_36_00\data_ingestion\ingested\train.csv
[ 2026-07-31 20:36:02,723 ] 171 root - INFO - Testing data saved at: artifacts\07_31_2026_20_36_00\data_ingestion\ingested\test.csv
[ 2026-07-31 20:36:02,724 ] 198 root - INFO - Data Ingestion Completed Successfully.
[ 2026-07-31 20:36:02,724 ] 44 root - INFO - Data Ingestion Completed Successfully.
[ 2026-07-31 20:36:02,725 ] 50 root - INFO - Initializing Data Validation Component.
[ 2026-07-31 20:36:02,730 ] 59 root - INFO - Schema loaded successfully.
[ 2026-07-31 20:36:02,730 ] 61 root - INFO - Starting Data Validation...
[ 2026-07-31 20:36:02,730 ] 560 root - INFO - ======================================================================
[ 2026-07-31 20:36:02,730 ] 561 root - INFO - Starting Data Validation Pipeline
[ 2026-07-31 20:36:02,730 ] 562 root - INFO - ======================================================================
[ 2026-07-31 20:36:02,730 ] 80 root - INFO - Reading dataset : artifacts\07_31_2026_20_36_00\data_ingestion\ingested\train.csv
[ 2026-07-31 20:36:02,824 ] 84 root - INFO - Dataset Shape : (8844, 31)
[ 2026-07-31 20:36:02,824 ] 80 root - INFO - Reading dataset : artifacts\07_31_2026_20_36_00\data_ingestion\ingested\test.csv
[ 2026-07-31 20:36:02,857 ] 84 root - INFO - Dataset Shape : (2211, 31)
[ 2026-07-31 20:36:02,857 ] 496 root - INFO - Train Shape : (8844, 31)
[ 2026-07-31 20:36:02,857 ] 500 root - INFO - Test Shape : (2211, 31)
[ 2026-07-31 20:36:02,857 ] 77 root - ERROR - Pipeline execution failed.
Traceback (most recent call last):
  File "D:\MLOPS\Projects\NETWORK_SECURITY\networksecurity\components\data_validation.py", line 114, in validate_schema
    self.schema_config["columns"].keys()
    ^^^^^^^^^^^^^^^^^^^^^^^^^^^^^^^^^^
AttributeError: 'list' object has no attribute 'keys'

During handling of the above exception, another exception occurred:

Traceback (most recent call last):
  File "D:\MLOPS\Projects\NETWORK_SECURITY\networksecurity\components\data_validation.py", line 589, in initiate_data_validation
    if not self.validate_schema(train_df):
           ^^^^^^^^^^^^^^^^^^^^^^^^^^^^^^
  File "D:\MLOPS\Projects\NETWORK_SECURITY\networksecurity\components\data_validation.py", line 162, in validate_schema
    raise NetworkSecurityException(e, sys)
networksecurity.exception.exception.NetworkSecurityException: Error occurred in python script name [D:\MLOPS\Projects\NETWORK_SECURITY\networksecurity\components\data_validation.py] line number [114] error message ['list' object has no attribute 'keys']

During handling of the above exception, another exception occurred:

Traceback (most recent call last):
  File "D:\MLOPS\Projects\NETWORK_SECURITY\main.py", line 64, in main
    data_validation.initiate_data_validation()
  File "D:\MLOPS\Projects\NETWORK_SECURITY\networksecurity\components\data_validation.py", line 790, in initiate_data_validation
    raise NetworkSecurityException(e, sys)
networksecurity.exception.exception.NetworkSecurityException: Error occurred in python script name [D:\MLOPS\Projects\NETWORK_SECURITY\networksecurity\components\data_validation.py] line number [589] error message [Error occurred in python script name [D:\MLOPS\Projects\NETWORK_SECURITY\networksecurity\components\data_validation.py] line number [114] error message ['list' object has no attribute 'keys']]
