[ 2026-07-31 21:01:37,176 ] 22 root - INFO - Logging has started.
[ 2026-07-31 21:01:37,208 ] 18 root - INFO - ============================================================
[ 2026-07-31 21:01:37,208 ] 19 root - INFO - Starting Network Security Training Pipeline
[ 2026-07-31 21:01:37,208 ] 20 root - INFO - ============================================================
[ 2026-07-31 21:01:37,572 ] 44 root - INFO - MongoDB connection established successfully.
[ 2026-07-31 21:01:37,572 ] 38 root - INFO - Starting Data Ingestion...
[ 2026-07-31 21:01:37,572 ] 183 root - INFO - ============================================================
[ 2026-07-31 21:01:37,572 ] 184 root - INFO - Starting Data Ingestion Pipeline
[ 2026-07-31 21:01:37,584 ] 185 root - INFO - ============================================================
[ 2026-07-31 21:01:37,584 ] 54 root - INFO - Exporting collection from MongoDB.
[ 2026-07-31 21:01:44,210 ] 85 root - INFO - Successfully fetched 11055 records from MongoDB.
[ 2026-07-31 21:01:44,345 ] 117 root - INFO - Feature Store created at: artifacts\07_31_2026_21_01_37\data_ingestion\feature_store\phisingData.csv
[ 2026-07-31 21:01:44,345 ] 134 root - INFO - Performing Train-Test Split.
[ 2026-07-31 21:01:44,415 ] 167 root - INFO - Training data saved at: artifacts\07_31_2026_21_01_37\data_ingestion\ingested\train.csv
[ 2026-07-31 21:01:44,415 ] 171 root - INFO - Testing data saved at: artifacts\07_31_2026_21_01_37\data_ingestion\ingested\test.csv
[ 2026-07-31 21:01:44,416 ] 198 root - INFO - Data Ingestion Completed Successfully.
[ 2026-07-31 21:01:44,416 ] 44 root - INFO - Data Ingestion Completed Successfully.
[ 2026-07-31 21:01:44,417 ] 50 root - INFO - Initializing Data Validation Component.
[ 2026-07-31 21:01:44,420 ] 59 root - INFO - Schema loaded successfully.
[ 2026-07-31 21:01:44,420 ] 61 root - INFO - Starting Data Validation...
[ 2026-07-31 21:01:44,420 ] 558 root - INFO - ======================================================================
[ 2026-07-31 21:01:44,421 ] 559 root - INFO - Starting Data Validation Pipeline
[ 2026-07-31 21:01:44,421 ] 560 root - INFO - ======================================================================
[ 2026-07-31 21:01:44,421 ] 80 root - INFO - Reading dataset : artifacts\07_31_2026_21_01_37\data_ingestion\ingested\train.csv
[ 2026-07-31 21:01:44,452 ] 84 root - INFO - Dataset Shape : (8844, 31)
[ 2026-07-31 21:01:44,452 ] 80 root - INFO - Reading dataset : artifacts\07_31_2026_21_01_37\data_ingestion\ingested\test.csv
[ 2026-07-31 21:01:44,498 ] 84 root - INFO - Dataset Shape : (2211, 31)
[ 2026-07-31 21:01:44,498 ] 494 root - INFO - Train Shape : (8844, 31)
[ 2026-07-31 21:01:44,498 ] 498 root - INFO - Test Shape : (2211, 31)
[ 2026-07-31 21:01:44,498 ] 131 root - INFO - Expected Columns : 31
[ 2026-07-31 21:01:44,498 ] 135 root - INFO - Actual Columns : 31
[ 2026-07-31 21:01:44,498 ] 155 root - INFO - Schema Validation Passed.
[ 2026-07-31 21:01:44,498 ] 131 root - INFO - Expected Columns : 31
[ 2026-07-31 21:01:44,498 ] 135 root - INFO - Actual Columns : 31
[ 2026-07-31 21:01:44,498 ] 155 root - INFO - Schema Validation Passed.
[ 2026-07-31 21:01:44,498 ] 182 root - INFO - Target Column Validation Passed.
[ 2026-07-31 21:01:44,498 ] 182 root - INFO - Target Column Validation Passed.
[ 2026-07-31 21:01:44,500 ] 223 root - INFO - Datatype Validation Passed.
[ 2026-07-31 21:01:44,501 ] 223 root - INFO - Datatype Validation Passed.
[ 2026-07-31 21:01:44,501 ] 242 root - INFO - Checking Missing Values...
[ 2026-07-31 21:01:44,502 ] 261 root - INFO - No Missing Values Found.
[ 2026-07-31 21:01:44,503 ] 242 root - INFO - Checking Missing Values...
[ 2026-07-31 21:01:44,503 ] 261 root - INFO - No Missing Values Found.
[ 2026-07-31 21:01:44,511 ] 293 root - INFO - Duplicate Rows Found : 3700
[ 2026-07-31 21:01:44,511 ] 299 root - WARNING - 3700 duplicate rows detected.
[ 2026-07-31 21:01:44,513 ] 293 root - INFO - Duplicate Rows Found : 371
[ 2026-07-31 21:01:44,513 ] 299 root - WARNING - 371 duplicate rows detected.
[ 2026-07-31 21:01:44,513 ] 653 root - WARNING - Training dataset contains duplicate rows.
[ 2026-07-31 21:01:44,513 ] 659 root - WARNING - Testing dataset contains duplicate rows.
[ 2026-07-31 21:01:44,515 ] 338 root - INFO - Numerical Columns : ['having_IP_Address', 'URL_Length', 'Shortining_Service', 'having_At_Symbol', 'double_slash_redirecting', 'Prefix_Suffix', 'having_Sub_Domain', 'SSLfinal_State', 'Domain_registeration_length', 'Favicon', 'port', 'HTTPS_token', 'Request_URL', 'URL_of_Anchor', 'Links_in_tags', 'SFH', 'Submitting_to_email', 'Abnormal_URL', 'Redirect', 'on_mouseover', 'RightClick', 'popUpWidnow', 'Iframe', 'age_of_domain', 'DNSRecord', 'web_traffic', 'Page_Rank', 'Google_Index', 'Links_pointing_to_page', 'Statistical_report', 'Result']
[ 2026-07-31 21:01:44,516 ] 338 root - INFO - Numerical Columns : ['having_IP_Address', 'URL_Length', 'Shortining_Service', 'having_At_Symbol', 'double_slash_redirecting', 'Prefix_Suffix', 'having_Sub_Domain', 'SSLfinal_State', 'Domain_registeration_length', 'Favicon', 'port', 'HTTPS_token', 'Request_URL', 'URL_of_Anchor', 'Links_in_tags', 'SFH', 'Submitting_to_email', 'Abnormal_URL', 'Redirect', 'on_mouseover', 'RightClick', 'popUpWidnow', 'Iframe', 'age_of_domain', 'DNSRecord', 'web_traffic', 'Page_Rank', 'Google_Index', 'Links_pointing_to_page', 'Statistical_report', 'Result']
[ 2026-07-31 21:01:44,516 ] 383 root - INFO - Numerical Column Validation Passed.
[ 2026-07-31 21:01:44,516 ] 405 root - INFO - Starting Dataset Drift Detection.
[ 2026-07-31 21:01:44,517 ] 338 root - INFO - Numerical Columns : ['having_IP_Address', 'URL_Length', 'Shortining_Service', 'having_At_Symbol', 'double_slash_redirecting', 'Prefix_Suffix', 'having_Sub_Domain', 'SSLfinal_State', 'Domain_registeration_length', 'Favicon', 'port', 'HTTPS_token', 'Request_URL', 'URL_of_Anchor', 'Links_in_tags', 'SFH', 'Submitting_to_email', 'Abnormal_URL', 'Redirect', 'on_mouseover', 'RightClick', 'popUpWidnow', 'Iframe', 'age_of_domain', 'DNSRecord', 'web_traffic', 'Page_Rank', 'Google_Index', 'Links_pointing_to_page', 'Statistical_report', 'Result']
[ 2026-07-31 21:01:44,656 ] 473 root - INFO - Drift Report Saved : artifacts\07_31_2026_21_01_37\data_validation\drift_report\report.yaml
[ 2026-07-31 21:01:44,656 ] 691 root - INFO - Dataset Drift Not Detected.
[ 2026-07-31 21:01:44,708 ] 734 root - INFO - Train Dataset Saved : artifacts\07_31_2026_21_01_37\data_validation\validated\train.csv
[ 2026-07-31 21:01:44,708 ] 738 root - INFO - Test Dataset Saved : artifacts\07_31_2026_21_01_37\data_validation\validated\test.csv
[ 2026-07-31 21:01:44,708 ] 526 root - INFO - ============================================================
[ 2026-07-31 21:01:44,708 ] 530 root - INFO - Data Validation PASSED.
[ 2026-07-31 21:01:44,708 ] 540 root - INFO - ============================================================
[ 2026-07-31 21:01:44,708 ] 781 root - INFO - ======================================================================
[ 2026-07-31 21:01:44,708 ] 782 root - INFO - Data Validation Pipeline Completed Successfully.
[ 2026-07-31 21:01:44,708 ] 783 root - INFO - ======================================================================
[ 2026-07-31 21:01:44,708 ] 67 root - INFO - Data Validation Completed Successfully.
[ 2026-07-31 21:01:44,708 ] 72 root - INFO - ============================================================
[ 2026-07-31 21:01:44,708 ] 73 root - INFO - Pipeline Executed Successfully
[ 2026-07-31 21:01:44,708 ] 74 root - INFO - ============================================================
