[ 2026-07-31 21:00:01,374 ] 22 root - INFO - Logging has started.
[ 2026-07-31 21:00:01,422 ] 18 root - INFO - ============================================================
[ 2026-07-31 21:00:01,422 ] 19 root - INFO - Starting Network Security Training Pipeline
[ 2026-07-31 21:00:01,422 ] 20 root - INFO - ============================================================
[ 2026-07-31 21:00:01,784 ] 44 root - INFO - MongoDB connection established successfully.
[ 2026-07-31 21:00:01,784 ] 38 root - INFO - Starting Data Ingestion...
[ 2026-07-31 21:00:01,784 ] 183 root - INFO - ============================================================
[ 2026-07-31 21:00:01,784 ] 184 root - INFO - Starting Data Ingestion Pipeline
[ 2026-07-31 21:00:01,784 ] 185 root - INFO - ============================================================
[ 2026-07-31 21:00:01,784 ] 54 root - INFO - Exporting collection from MongoDB.
[ 2026-07-31 21:00:03,595 ] 85 root - INFO - Successfully fetched 11055 records from MongoDB.
[ 2026-07-31 21:00:03,720 ] 117 root - INFO - Feature Store created at: artifacts\07_31_2026_21_00_01\data_ingestion\feature_store\phisingData.csv
[ 2026-07-31 21:00:03,720 ] 134 root - INFO - Performing Train-Test Split.
[ 2026-07-31 21:00:03,784 ] 167 root - INFO - Training data saved at: artifacts\07_31_2026_21_00_01\data_ingestion\ingested\train.csv
[ 2026-07-31 21:00:03,784 ] 171 root - INFO - Testing data saved at: artifacts\07_31_2026_21_00_01\data_ingestion\ingested\test.csv
[ 2026-07-31 21:00:03,784 ] 198 root - INFO - Data Ingestion Completed Successfully.
[ 2026-07-31 21:00:03,784 ] 44 root - INFO - Data Ingestion Completed Successfully.
[ 2026-07-31 21:00:03,784 ] 50 root - INFO - Initializing Data Validation Component.
[ 2026-07-31 21:00:03,796 ] 59 root - INFO - Schema loaded successfully.
[ 2026-07-31 21:00:03,796 ] 61 root - INFO - Starting Data Validation...
[ 2026-07-31 21:00:03,796 ] 558 root - INFO - ======================================================================
[ 2026-07-31 21:00:03,796 ] 559 root - INFO - Starting Data Validation Pipeline
[ 2026-07-31 21:00:03,796 ] 560 root - INFO - ======================================================================
[ 2026-07-31 21:00:03,796 ] 80 root - INFO - Reading dataset : artifacts\07_31_2026_21_00_01\data_ingestion\ingested\train.csv
[ 2026-07-31 21:00:03,832 ] 84 root - INFO - Dataset Shape : (8844, 31)
[ 2026-07-31 21:00:03,832 ] 80 root - INFO - Reading dataset : artifacts\07_31_2026_21_00_01\data_ingestion\ingested\test.csv
[ 2026-07-31 21:00:03,869 ] 84 root - INFO - Dataset Shape : (2211, 31)
[ 2026-07-31 21:00:03,869 ] 494 root - INFO - Train Shape : (8844, 31)
[ 2026-07-31 21:00:03,869 ] 498 root - INFO - Test Shape : (2211, 31)
[ 2026-07-31 21:00:03,869 ] 131 root - INFO - Expected Columns : 31
[ 2026-07-31 21:00:03,869 ] 135 root - INFO - Actual Columns : 31
[ 2026-07-31 21:00:03,869 ] 155 root - INFO - Schema Validation Passed.
[ 2026-07-31 21:00:03,869 ] 131 root - INFO - Expected Columns : 31
[ 2026-07-31 21:00:03,869 ] 135 root - INFO - Actual Columns : 31
[ 2026-07-31 21:00:03,869 ] 155 root - INFO - Schema Validation Passed.
[ 2026-07-31 21:00:03,869 ] 182 root - INFO - Target Column Validation Passed.
[ 2026-07-31 21:00:03,869 ] 182 root - INFO - Target Column Validation Passed.
[ 2026-07-31 21:00:03,871 ] 223 root - INFO - Datatype Validation Passed.
[ 2026-07-31 21:00:03,872 ] 223 root - INFO - Datatype Validation Passed.
[ 2026-07-31 21:00:03,872 ] 242 root - INFO - Checking Missing Values...
[ 2026-07-31 21:00:03,874 ] 261 root - INFO - No Missing Values Found.
[ 2026-07-31 21:00:03,874 ] 242 root - INFO - Checking Missing Values...
[ 2026-07-31 21:00:03,874 ] 261 root - INFO - No Missing Values Found.
[ 2026-07-31 21:00:03,899 ] 293 root - INFO - Duplicate Rows Found : 3700
[ 2026-07-31 21:00:03,899 ] 299 root - WARNING - 3700 duplicate rows detected.
[ 2026-07-31 21:00:03,901 ] 293 root - INFO - Duplicate Rows Found : 371
[ 2026-07-31 21:00:03,901 ] 299 root - WARNING - 371 duplicate rows detected.
[ 2026-07-31 21:00:03,901 ] 653 root - WARNING - Training dataset contains duplicate rows.
[ 2026-07-31 21:00:03,901 ] 659 root - WARNING - Testing dataset contains duplicate rows.
[ 2026-07-31 21:00:03,907 ] 338 root - INFO - Numerical Columns : ['having_IP_Address', 'URL_Length', 'Shortining_Service', 'having_At_Symbol', 'double_slash_redirecting', 'Prefix_Suffix', 'having_Sub_Domain', 'SSLfinal_State', 'Domain_registeration_length', 'Favicon', 'port', 'HTTPS_token', 'Request_URL', 'URL_of_Anchor', 'Links_in_tags', 'SFH', 'Submitting_to_email', 'Abnormal_URL', 'Redirect', 'on_mouseover', 'RightClick', 'popUpWidnow', 'Iframe', 'age_of_domain', 'DNSRecord', 'web_traffic', 'Page_Rank', 'Google_Index', 'Links_pointing_to_page', 'Statistical_report', 'Result']
[ 2026-07-31 21:00:03,907 ] 338 root - INFO - Numerical Columns : ['having_IP_Address', 'URL_Length', 'Shortining_Service', 'having_At_Symbol', 'double_slash_redirecting', 'Prefix_Suffix', 'having_Sub_Domain', 'SSLfinal_State', 'Domain_registeration_length', 'Favicon', 'port', 'HTTPS_token', 'Request_URL', 'URL_of_Anchor', 'Links_in_tags', 'SFH', 'Submitting_to_email', 'Abnormal_URL', 'Redirect', 'on_mouseover', 'RightClick', 'popUpWidnow', 'Iframe', 'age_of_domain', 'DNSRecord', 'web_traffic', 'Page_Rank', 'Google_Index', 'Links_pointing_to_page', 'Statistical_report', 'Result']
[ 2026-07-31 21:00:03,907 ] 383 root - INFO - Numerical Column Validation Passed.
[ 2026-07-31 21:00:03,907 ] 405 root - INFO - Starting Dataset Drift Detection.
[ 2026-07-31 21:00:03,908 ] 338 root - INFO - Numerical Columns : ['having_IP_Address', 'URL_Length', 'Shortining_Service', 'having_At_Symbol', 'double_slash_redirecting', 'Prefix_Suffix', 'having_Sub_Domain', 'SSLfinal_State', 'Domain_registeration_length', 'Favicon', 'port', 'HTTPS_token', 'Request_URL', 'URL_of_Anchor', 'Links_in_tags', 'SFH', 'Submitting_to_email', 'Abnormal_URL', 'Redirect', 'on_mouseover', 'RightClick', 'popUpWidnow', 'Iframe', 'age_of_domain', 'DNSRecord', 'web_traffic', 'Page_Rank', 'Google_Index', 'Links_pointing_to_page', 'Statistical_report', 'Result']
[ 2026-07-31 21:00:03,909 ] 77 root - ERROR - Pipeline execution failed.
Traceback (most recent call last):
  File "D:\MLOPS\Projects\NETWORK_SECURITY\networksecurity\components\data_validation.py", line 423, in detect_dataset_drift
    ks_result = ks_2samp(
                ^^^^^^^^
NameError: name 'ks_2samp' is not defined

During handling of the above exception, another exception occurred:

Traceback (most recent call last):
  File "D:\MLOPS\Projects\NETWORK_SECURITY\networksecurity\components\data_validation.py", line 680, in initiate_data_validation
    validation_status = self.detect_dataset_drift(
                        ^^^^^^^^^^^^^^^^^^^^^^^^^^
  File "D:\MLOPS\Projects\NETWORK_SECURITY\networksecurity\components\data_validation.py", line 480, in detect_dataset_drift
    raise NetworkSecurityException(e, sys)
networksecurity.exception.exception.NetworkSecurityException: Error occurred in python script name [D:\MLOPS\Projects\NETWORK_SECURITY\networksecurity\components\data_validation.py] line number [423] error message [name 'ks_2samp' is not defined]

During handling of the above exception, another exception occurred:

Traceback (most recent call last):
  File "D:\MLOPS\Projects\NETWORK_SECURITY\main.py", line 64, in main
    data_validation.initiate_data_validation()
  File "D:\MLOPS\Projects\NETWORK_SECURITY\networksecurity\components\data_validation.py", line 788, in initiate_data_validation
    raise NetworkSecurityException(e, sys)
networksecurity.exception.exception.NetworkSecurityException: Error occurred in python script name [D:\MLOPS\Projects\NETWORK_SECURITY\networksecurity\components\data_validation.py] line number [680] error message [Error occurred in python script name [D:\MLOPS\Projects\NETWORK_SECURITY\networksecurity\components\data_validation.py] line number [423] error message [name 'ks_2samp' is not defined]]
