[ 2026-07-31 23:42:49,692 ] 22 root - INFO - Logging has started.
[ 2026-07-31 23:42:49,828 ] 20 root - INFO - ============================================================
[ 2026-07-31 23:42:49,828 ] 21 root - INFO - Starting Network Security Training Pipeline
[ 2026-07-31 23:42:49,828 ] 22 root - INFO - ============================================================
[ 2026-07-31 23:42:50,345 ] 44 root - INFO - MongoDB connection established successfully.
[ 2026-07-31 23:42:50,345 ] 37 root - INFO - Starting Data Ingestion...
[ 2026-07-31 23:42:50,345 ] 183 root - INFO - ============================================================
[ 2026-07-31 23:42:50,345 ] 184 root - INFO - Starting Data Ingestion Pipeline
[ 2026-07-31 23:42:50,346 ] 185 root - INFO - ============================================================
[ 2026-07-31 23:42:50,346 ] 54 root - INFO - Exporting collection from MongoDB.
[ 2026-07-31 23:42:52,266 ] 85 root - INFO - Successfully fetched 11055 records from MongoDB.
[ 2026-07-31 23:42:52,369 ] 117 root - INFO - Feature Store created at: artifacts\07_31_2026_23_42_49\data_ingestion\feature_store\phisingData.csv
[ 2026-07-31 23:42:52,369 ] 134 root - INFO - Performing Train-Test Split.
[ 2026-07-31 23:42:52,438 ] 167 root - INFO - Training data saved at: artifacts\07_31_2026_23_42_49\data_ingestion\ingested\train.csv
[ 2026-07-31 23:42:52,438 ] 171 root - INFO - Testing data saved at: artifacts\07_31_2026_23_42_49\data_ingestion\ingested\test.csv
[ 2026-07-31 23:42:52,438 ] 198 root - INFO - Data Ingestion Completed Successfully.
[ 2026-07-31 23:42:52,438 ] 43 root - INFO - Data Ingestion Completed Successfully.
[ 2026-07-31 23:42:52,445 ] 50 root - INFO - Initializing Data Validation Component.
[ 2026-07-31 23:42:52,460 ] 59 root - INFO - Schema loaded successfully.
[ 2026-07-31 23:42:52,460 ] 58 root - INFO - Starting Data Validation...
[ 2026-07-31 23:42:52,460 ] 558 root - INFO - ======================================================================
[ 2026-07-31 23:42:52,460 ] 559 root - INFO - Starting Data Validation Pipeline
[ 2026-07-31 23:42:52,460 ] 560 root - INFO - ======================================================================
[ 2026-07-31 23:42:52,460 ] 80 root - INFO - Reading dataset : artifacts\07_31_2026_23_42_49\data_ingestion\ingested\train.csv
[ 2026-07-31 23:42:52,504 ] 84 root - INFO - Dataset Shape : (8844, 31)
[ 2026-07-31 23:42:52,504 ] 80 root - INFO - Reading dataset : artifacts\07_31_2026_23_42_49\data_ingestion\ingested\test.csv
[ 2026-07-31 23:42:52,537 ] 84 root - INFO - Dataset Shape : (2211, 31)
[ 2026-07-31 23:42:52,537 ] 494 root - INFO - Train Shape : (8844, 31)
[ 2026-07-31 23:42:52,537 ] 498 root - INFO - Test Shape : (2211, 31)
[ 2026-07-31 23:42:52,537 ] 131 root - INFO - Expected Columns : 31
[ 2026-07-31 23:42:52,537 ] 135 root - INFO - Actual Columns : 31
[ 2026-07-31 23:42:52,537 ] 155 root - INFO - Schema Validation Passed.
[ 2026-07-31 23:42:52,537 ] 131 root - INFO - Expected Columns : 31
[ 2026-07-31 23:42:52,537 ] 135 root - INFO - Actual Columns : 31
[ 2026-07-31 23:42:52,537 ] 155 root - INFO - Schema Validation Passed.
[ 2026-07-31 23:42:52,537 ] 182 root - INFO - Target Column Validation Passed.
[ 2026-07-31 23:42:52,537 ] 182 root - INFO - Target Column Validation Passed.
[ 2026-07-31 23:42:52,537 ] 223 root - INFO - Datatype Validation Passed.
[ 2026-07-31 23:42:52,537 ] 223 root - INFO - Datatype Validation Passed.
[ 2026-07-31 23:42:52,537 ] 242 root - INFO - Checking Missing Values...
[ 2026-07-31 23:42:52,537 ] 261 root - INFO - No Missing Values Found.
[ 2026-07-31 23:42:52,537 ] 242 root - INFO - Checking Missing Values...
[ 2026-07-31 23:42:52,537 ] 261 root - INFO - No Missing Values Found.
[ 2026-07-31 23:42:52,537 ] 293 root - INFO - Duplicate Rows Found : 3700
[ 2026-07-31 23:42:52,537 ] 299 root - WARNING - 3700 duplicate rows detected.
[ 2026-07-31 23:42:52,553 ] 293 root - INFO - Duplicate Rows Found : 371
[ 2026-07-31 23:42:52,553 ] 299 root - WARNING - 371 duplicate rows detected.
[ 2026-07-31 23:42:52,553 ] 653 root - WARNING - Training dataset contains duplicate rows.
[ 2026-07-31 23:42:52,553 ] 659 root - WARNING - Testing dataset contains duplicate rows.
[ 2026-07-31 23:42:52,553 ] 338 root - INFO - Numerical Columns : ['having_IP_Address', 'URL_Length', 'Shortining_Service', 'having_At_Symbol', 'double_slash_redirecting', 'Prefix_Suffix', 'having_Sub_Domain', 'SSLfinal_State', 'Domain_registeration_length', 'Favicon', 'port', 'HTTPS_token', 'Request_URL', 'URL_of_Anchor', 'Links_in_tags', 'SFH', 'Submitting_to_email', 'Abnormal_URL', 'Redirect', 'on_mouseover', 'RightClick', 'popUpWidnow', 'Iframe', 'age_of_domain', 'DNSRecord', 'web_traffic', 'Page_Rank', 'Google_Index', 'Links_pointing_to_page', 'Statistical_report', 'Result']
[ 2026-07-31 23:42:52,553 ] 338 root - INFO - Numerical Columns : ['having_IP_Address', 'URL_Length', 'Shortining_Service', 'having_At_Symbol', 'double_slash_redirecting', 'Prefix_Suffix', 'having_Sub_Domain', 'SSLfinal_State', 'Domain_registeration_length', 'Favicon', 'port', 'HTTPS_token', 'Request_URL', 'URL_of_Anchor', 'Links_in_tags', 'SFH', 'Submitting_to_email', 'Abnormal_URL', 'Redirect', 'on_mouseover', 'RightClick', 'popUpWidnow', 'Iframe', 'age_of_domain', 'DNSRecord', 'web_traffic', 'Page_Rank', 'Google_Index', 'Links_pointing_to_page', 'Statistical_report', 'Result']
[ 2026-07-31 23:42:52,553 ] 383 root - INFO - Numerical Column Validation Passed.
[ 2026-07-31 23:42:52,553 ] 405 root - INFO - Starting Dataset Drift Detection.
[ 2026-07-31 23:42:52,553 ] 338 root - INFO - Numerical Columns : ['having_IP_Address', 'URL_Length', 'Shortining_Service', 'having_At_Symbol', 'double_slash_redirecting', 'Prefix_Suffix', 'having_Sub_Domain', 'SSLfinal_State', 'Domain_registeration_length', 'Favicon', 'port', 'HTTPS_token', 'Request_URL', 'URL_of_Anchor', 'Links_in_tags', 'SFH', 'Submitting_to_email', 'Abnormal_URL', 'Redirect', 'on_mouseover', 'RightClick', 'popUpWidnow', 'Iframe', 'age_of_domain', 'DNSRecord', 'web_traffic', 'Page_Rank', 'Google_Index', 'Links_pointing_to_page', 'Statistical_report', 'Result']
[ 2026-07-31 23:42:52,664 ] 473 root - INFO - Drift Report Saved : artifacts\07_31_2026_23_42_49\data_validation\drift_report\report.yaml
[ 2026-07-31 23:42:52,664 ] 691 root - INFO - Dataset Drift Not Detected.
[ 2026-07-31 23:42:52,736 ] 734 root - INFO - Train Dataset Saved : artifacts\07_31_2026_23_42_49\data_validation\validated\train.csv
[ 2026-07-31 23:42:52,736 ] 738 root - INFO - Test Dataset Saved : artifacts\07_31_2026_23_42_49\data_validation\validated\test.csv
[ 2026-07-31 23:42:52,736 ] 526 root - INFO - ============================================================
[ 2026-07-31 23:42:52,736 ] 530 root - INFO - Data Validation PASSED.
[ 2026-07-31 23:42:52,736 ] 540 root - INFO - ============================================================
[ 2026-07-31 23:42:52,736 ] 781 root - INFO - ======================================================================
[ 2026-07-31 23:42:52,736 ] 782 root - INFO - Data Validation Pipeline Completed Successfully.
[ 2026-07-31 23:42:52,736 ] 783 root - INFO - ======================================================================
[ 2026-07-31 23:42:52,736 ] 64 root - INFO - Data Validation Completed Successfully.
[ 2026-07-31 23:42:52,736 ] 69 root - INFO - ============================================================
[ 2026-07-31 23:42:52,736 ] 70 root - INFO - Pipeline Executed Successfully
[ 2026-07-31 23:42:52,736 ] 71 root - INFO - ============================================================
[ 2026-07-31 23:42:52,736 ] 66 root - INFO - DataTransformation component initialized.
[ 2026-07-31 23:42:52,736 ] 84 root - INFO - Starting Data Transformation...
[ 2026-07-31 23:42:52,736 ] 173 root - INFO - ======================================================================
[ 2026-07-31 23:42:52,736 ] 174 root - INFO - Starting Data Transformation Pipeline
[ 2026-07-31 23:42:52,736 ] 175 root - INFO - ======================================================================
[ 2026-07-31 23:42:52,736 ] 179 root - INFO - Reading validated training dataset.
[ 2026-07-31 23:42:52,736 ] 91 root - INFO - Reading file : artifacts\07_31_2026_23_42_49\data_validation\validated\train.csv
[ 2026-07-31 23:42:52,755 ] 97 root - INFO - Data Shape : (8844, 31)
[ 2026-07-31 23:42:52,755 ] 185 root - INFO - Reading validated testing dataset.
[ 2026-07-31 23:42:52,755 ] 91 root - INFO - Reading file : artifacts\07_31_2026_23_42_49\data_validation\validated\test.csv
[ 2026-07-31 23:42:52,801 ] 97 root - INFO - Data Shape : (2211, 31)
[ 2026-07-31 23:42:52,801 ] 191 root - INFO - Training Dataset Shape : (8844, 31)
[ 2026-07-31 23:42:52,801 ] 195 root - INFO - Testing Dataset Shape : (2211, 31)
[ 2026-07-31 23:42:52,803 ] 242 root - INFO - Target labels converted successfully.
[ 2026-07-31 23:42:52,803 ] 123 root - INFO - Creating preprocessing pipeline.
[ 2026-07-31 23:42:52,803 ] 131 root - INFO - KNNImputer Parameters : {'missing_values': nan, 'n_neighbors': 3, 'weights': 'uniform'}
[ 2026-07-31 23:42:52,803 ] 145 root - INFO - Preprocessing pipeline created successfully.
[ 2026-07-31 23:42:52,803 ] 252 root - INFO - Fitting preprocessing pipeline.
[ 2026-07-31 23:42:52,840 ] 278 root - INFO - Train and Test datasets transformed successfully.
[ 2026-07-31 23:42:52,841 ] 294 root - INFO - Transformed Training Array Shape : (8844, 31)
[ 2026-07-31 23:42:52,841 ] 298 root - INFO - Transformed Testing Array Shape : (2211, 31)
[ 2026-07-31 23:42:52,841 ] 304 root - INFO - Saving transformed training numpy array.
[ 2026-07-31 23:42:52,844 ] 64 root - INFO - Numpy array saved to artifacts\07_31_2026_23_42_49\data_transformation\transformed\train.npy
[ 2026-07-31 23:42:52,844 ] 313 root - INFO - Saving transformed testing numpy array.
[ 2026-07-31 23:42:52,846 ] 64 root - INFO - Numpy array saved to artifacts\07_31_2026_23_42_49\data_transformation\transformed\test.npy
[ 2026-07-31 23:42:52,846 ] 324 root - INFO - Saving preprocessing object.
[ 2026-07-31 23:42:52,850 ] 99 root - INFO - Object saved to artifacts\07_31_2026_23_42_49\data_transformation\transformed_object\preprocessing.pkl
[ 2026-07-31 23:42:52,853 ] 99 root - INFO - Object saved to final_model\preprocessor.pkl
[ 2026-07-31 23:42:52,853 ] 352 root - INFO - Preprocessor saved at : final_model\preprocessor.pkl
[ 2026-07-31 23:42:52,853 ] 372 root - INFO - ======================================================================
[ 2026-07-31 23:42:52,853 ] 373 root - INFO - Data Transformation Pipeline Completed Successfully.
[ 2026-07-31 23:42:52,853 ] 376 root - INFO - ======================================================================
[ 2026-07-31 23:42:52,854 ] 90 root - INFO - Data Transformation Completed Successfully.
