[ 2026-07-31 20:24:27,259 ] 22 root - INFO - Logging has started.
[ 2026-07-31 20:24:27,291 ] 18 root - INFO - ============================================================
[ 2026-07-31 20:24:27,291 ] 19 root - INFO - Starting Network Security Training Pipeline
[ 2026-07-31 20:24:27,291 ] 20 root - INFO - ============================================================
[ 2026-07-31 20:24:27,704 ] 44 root - INFO - MongoDB connection established successfully.
[ 2026-07-31 20:24:27,704 ] 38 root - INFO - Starting Data Ingestion...
[ 2026-07-31 20:24:27,704 ] 183 root - INFO - ============================================================
[ 2026-07-31 20:24:27,704 ] 184 root - INFO - Starting Data Ingestion Pipeline
[ 2026-07-31 20:24:27,704 ] 185 root - INFO - ============================================================
[ 2026-07-31 20:24:27,704 ] 54 root - INFO - Exporting collection from MongoDB.
[ 2026-07-31 20:24:29,732 ] 85 root - INFO - Successfully fetched 11055 records from MongoDB.
[ 2026-07-31 20:24:29,821 ] 117 root - INFO - Feature Store created at: artifacts\07_31_2026_20_24_27\data_ingestion\feature_store\phisingData.csv
[ 2026-07-31 20:24:29,821 ] 134 root - INFO - Performing Train-Test Split.
[ 2026-07-31 20:24:29,890 ] 167 root - INFO - Training data saved at: artifacts\07_31_2026_20_24_27\data_ingestion\ingested\train.csv
[ 2026-07-31 20:24:29,890 ] 171 root - INFO - Testing data saved at: artifacts\07_31_2026_20_24_27\data_ingestion\ingested\test.csv
[ 2026-07-31 20:24:29,890 ] 198 root - INFO - Data Ingestion Completed Successfully.
[ 2026-07-31 20:24:29,890 ] 44 root - INFO - Data Ingestion Completed Successfully.
[ 2026-07-31 20:24:29,924 ] 61 root - INFO - Starting Data Validation...
[ 2026-07-31 20:24:29,924 ] 140 root - INFO - ============================================================
[ 2026-07-31 20:24:29,924 ] 141 root - INFO - Starting Data Validation
[ 2026-07-31 20:24:29,924 ] 142 root - INFO - ============================================================
[ 2026-07-31 20:24:30,009 ] 64 root - INFO - Required Columns : 31
[ 2026-07-31 20:24:30,009 ] 65 root - INFO - Actual Columns   : 31
[ 2026-07-31 20:24:30,009 ] 64 root - INFO - Required Columns : 31
[ 2026-07-31 20:24:30,009 ] 65 root - INFO - Actual Columns   : 31
[ 2026-07-31 20:24:30,009 ] 83 root - INFO - Started Dataset Drift Detection
[ 2026-07-31 20:24:30,114 ] 77 root - ERROR - Pipeline execution failed.
Traceback (most recent call last):
  File "D:\MLOPS\Projects\NETWORK_SECURITY\networksecurity\utils\main_utils\utils.py", line 45, in write_yaml_file
    yaml.safe_dump(content, file)
  File "D:\MLOPS\.venv\Lib\site-packages\yaml\__init__.py", line 269, in safe_dump
    return dump_all([data], stream, Dumper=SafeDumper, **kwds)
           ^^^^^^^^^^^^^^^^^^^^^^^^^^^^^^^^^^^^^^^^^^^^^^^^^^^
  File "D:\MLOPS\.venv\Lib\site-packages\yaml\__init__.py", line 241, in dump_all
    dumper.represent(data)
  File "D:\MLOPS\.venv\Lib\site-packages\yaml\representer.py", line 27, in represent
    node = self.represent_data(data)
           ^^^^^^^^^^^^^^^^^^^^^^^^^
  File "D:\MLOPS\.venv\Lib\site-packages\yaml\representer.py", line 48, in represent_data
    node = self.yaml_representers[data_types[0]](self, data)
           ^^^^^^^^^^^^^^^^^^^^^^^^^^^^^^^^^^^^^^^^^^^^^^^^^
  File "D:\MLOPS\.venv\Lib\site-packages\yaml\representer.py", line 207, in represent_dict
    return self.represent_mapping('tag:yaml.org,2002:map', data)
           ^^^^^^^^^^^^^^^^^^^^^^^^^^^^^^^^^^^^^^^^^^^^^^^^^^^^^
  File "D:\MLOPS\.venv\Lib\site-packages\yaml\representer.py", line 118, in represent_mapping
    node_value = self.represent_data(item_value)
                 ^^^^^^^^^^^^^^^^^^^^^^^^^^^^^^^
  File "D:\MLOPS\.venv\Lib\site-packages\yaml\representer.py", line 48, in represent_data
    node = self.yaml_representers[data_types[0]](self, data)
           ^^^^^^^^^^^^^^^^^^^^^^^^^^^^^^^^^^^^^^^^^^^^^^^^^
  File "D:\MLOPS\.venv\Lib\site-packages\yaml\representer.py", line 207, in represent_dict
    return self.represent_mapping('tag:yaml.org,2002:map', data)
           ^^^^^^^^^^^^^^^^^^^^^^^^^^^^^^^^^^^^^^^^^^^^^^^^^^^^^
  File "D:\MLOPS\.venv\Lib\site-packages\yaml\representer.py", line 118, in represent_mapping
    node_value = self.represent_data(item_value)
                 ^^^^^^^^^^^^^^^^^^^^^^^^^^^^^^^
  File "D:\MLOPS\.venv\Lib\site-packages\yaml\representer.py", line 58, in represent_data
    node = self.yaml_representers[None](self, data)
           ^^^^^^^^^^^^^^^^^^^^^^^^^^^^^^^^^^^^^^^^
  File "D:\MLOPS\.venv\Lib\site-packages\yaml\representer.py", line 231, in represent_undefined
    raise RepresenterError("cannot represent an object", data)
yaml.representer.RepresenterError: ('cannot represent an object', np.False_)

During handling of the above exception, another exception occurred:

Traceback (most recent call last):
  File "D:\MLOPS\Projects\NETWORK_SECURITY\networksecurity\components\data_validation.py", line 118, in detect_dataset_drift
    write_yaml_file(
  File "D:\MLOPS\Projects\NETWORK_SECURITY\networksecurity\utils\main_utils\utils.py", line 48, in write_yaml_file
    raise NetworkSecurityException(e, sys)
networksecurity.exception.exception.NetworkSecurityException: Error occurred in python script name [D:\MLOPS\Projects\NETWORK_SECURITY\networksecurity\utils\main_utils\utils.py] line number [45] error message [('cannot represent an object', np.False_)]

During handling of the above exception, another exception occurred:

Traceback (most recent call last):
  File "D:\MLOPS\Projects\NETWORK_SECURITY\networksecurity\components\data_validation.py", line 162, in initiate_data_validation
    validation_status = self.detect_dataset_drift(
                        ^^^^^^^^^^^^^^^^^^^^^^^^^^
  File "D:\MLOPS\Projects\NETWORK_SECURITY\networksecurity\components\data_validation.py", line 130, in detect_dataset_drift
    raise NetworkSecurityException(e, sys)
networksecurity.exception.exception.NetworkSecurityException: Error occurred in python script name [D:\MLOPS\Projects\NETWORK_SECURITY\networksecurity\components\data_validation.py] line number [118] error message [Error occurred in python script name [D:\MLOPS\Projects\NETWORK_SECURITY\networksecurity\utils\main_utils\utils.py] line number [45] error message [('cannot represent an object', np.False_)]]

During handling of the above exception, another exception occurred:

Traceback (most recent call last):
  File "D:\MLOPS\Projects\NETWORK_SECURITY\main.py", line 64, in main
    data_validation.initiate_data_validation()
  File "D:\MLOPS\Projects\NETWORK_SECURITY\networksecurity\components\data_validation.py", line 218, in initiate_data_validation
    raise NetworkSecurityException(e, sys)
networksecurity.exception.exception.NetworkSecurityException: Error occurred in python script name [D:\MLOPS\Projects\NETWORK_SECURITY\networksecurity\components\data_validation.py] line number [162] error message [Error occurred in python script name [D:\MLOPS\Projects\NETWORK_SECURITY\networksecurity\components\data_validation.py] line number [118] error message [Error occurred in python script name [D:\MLOPS\Projects\NETWORK_SECURITY\networksecurity\utils\main_utils\utils.py] line number [45] error message [('cannot represent an object', np.False_)]]]
