[ 2026-07-31 20:32:56,345 ] 22 root - INFO - Logging has started.
[ 2026-07-31 20:32:56,369 ] 18 root - INFO - ============================================================
[ 2026-07-31 20:32:56,369 ] 19 root - INFO - Starting Network Security Training Pipeline
[ 2026-07-31 20:32:56,369 ] 20 root - INFO - ============================================================
[ 2026-07-31 20:32:56,567 ] 44 root - INFO - MongoDB connection established successfully.
[ 2026-07-31 20:32:56,567 ] 38 root - INFO - Starting Data Ingestion...
[ 2026-07-31 20:32:56,567 ] 183 root - INFO - ============================================================
[ 2026-07-31 20:32:56,567 ] 184 root - INFO - Starting Data Ingestion Pipeline
[ 2026-07-31 20:32:56,567 ] 185 root - INFO - ============================================================
[ 2026-07-31 20:32:56,567 ] 54 root - INFO - Exporting collection from MongoDB.
[ 2026-07-31 20:32:58,386 ] 85 root - INFO - Successfully fetched 11055 records from MongoDB.
[ 2026-07-31 20:32:58,530 ] 117 root - INFO - Feature Store created at: artifacts\07_31_2026_20_32_56\data_ingestion\feature_store\phisingData.csv
[ 2026-07-31 20:32:58,530 ] 134 root - INFO - Performing Train-Test Split.
[ 2026-07-31 20:32:58,646 ] 167 root - INFO - Training data saved at: artifacts\07_31_2026_20_32_56\data_ingestion\ingested\train.csv
[ 2026-07-31 20:32:58,646 ] 171 root - INFO - Testing data saved at: artifacts\07_31_2026_20_32_56\data_ingestion\ingested\test.csv
[ 2026-07-31 20:32:58,647 ] 198 root - INFO - Data Ingestion Completed Successfully.
[ 2026-07-31 20:32:58,647 ] 44 root - INFO - Data Ingestion Completed Successfully.
[ 2026-07-31 20:32:58,648 ] 50 root - INFO - Initializing Data Validation Component.
[ 2026-07-31 20:32:58,654 ] 59 root - INFO - Schema loaded successfully.
[ 2026-07-31 20:32:58,655 ] 61 root - INFO - Starting Data Validation...
[ 2026-07-31 20:32:58,655 ] 77 root - ERROR - Pipeline execution failed.
Traceback (most recent call last):
  File "D:\MLOPS\Projects\NETWORK_SECURITY\main.py", line 64, in main
    data_validation.initiate_data_validation()
    ^^^^^^^^^^^^^^^^^^^^^^^^^^^^^^^^^^^^^^^^
AttributeError: 'DataValidation' object has no attribute 'initiate_data_validation'
