[ 2026-07-31 20:54:21,993 ] 22 root - INFO - Logging has started.
[ 2026-07-31 20:54:22,024 ] 18 root - INFO - ============================================================
[ 2026-07-31 20:54:22,024 ] 19 root - INFO - Starting Network Security Training Pipeline
[ 2026-07-31 20:54:22,024 ] 20 root - INFO - ============================================================
[ 2026-07-31 20:54:22,394 ] 44 root - INFO - MongoDB connection established successfully.
[ 2026-07-31 20:54:22,394 ] 38 root - INFO - Starting Data Ingestion...
[ 2026-07-31 20:54:22,394 ] 183 root - INFO - ============================================================
[ 2026-07-31 20:54:22,394 ] 184 root - INFO - Starting Data Ingestion Pipeline
[ 2026-07-31 20:54:22,402 ] 185 root - INFO - ============================================================
[ 2026-07-31 20:54:22,402 ] 54 root - INFO - Exporting collection from MongoDB.
[ 2026-07-31 20:54:24,273 ] 85 root - INFO - Successfully fetched 11055 records from MongoDB.
[ 2026-07-31 20:54:24,372 ] 117 root - INFO - Feature Store created at: artifacts\07_31_2026_20_54_22\data_ingestion\feature_store\phisingData.csv
[ 2026-07-31 20:54:24,372 ] 134 root - INFO - Performing Train-Test Split.
[ 2026-07-31 20:54:24,436 ] 167 root - INFO - Training data saved at: artifacts\07_31_2026_20_54_22\data_ingestion\ingested\train.csv
[ 2026-07-31 20:54:24,437 ] 171 root - INFO - Testing data saved at: artifacts\07_31_2026_20_54_22\data_ingestion\ingested\test.csv
[ 2026-07-31 20:54:24,437 ] 198 root - INFO - Data Ingestion Completed Successfully.
[ 2026-07-31 20:54:24,437 ] 44 root - INFO - Data Ingestion Completed Successfully.
[ 2026-07-31 20:54:24,438 ] 50 root - INFO - Initializing Data Validation Component.
[ 2026-07-31 20:54:24,443 ] 59 root - INFO - Schema loaded successfully.
[ 2026-07-31 20:54:24,443 ] 61 root - INFO - Starting Data Validation...
[ 2026-07-31 20:54:24,444 ] 561 root - INFO - ======================================================================
[ 2026-07-31 20:54:24,444 ] 562 root - INFO - Starting Data Validation Pipeline
[ 2026-07-31 20:54:24,444 ] 563 root - INFO - ======================================================================
[ 2026-07-31 20:54:24,444 ] 80 root - INFO - Reading dataset : artifacts\07_31_2026_20_54_22\data_ingestion\ingested\train.csv
[ 2026-07-31 20:54:24,550 ] 84 root - INFO - Dataset Shape : (8844, 31)
[ 2026-07-31 20:54:24,550 ] 80 root - INFO - Reading dataset : artifacts\07_31_2026_20_54_22\data_ingestion\ingested\test.csv
[ 2026-07-31 20:54:24,591 ] 84 root - INFO - Dataset Shape : (2211, 31)
[ 2026-07-31 20:54:24,591 ] 497 root - INFO - Train Shape : (8844, 31)
[ 2026-07-31 20:54:24,591 ] 501 root - INFO - Test Shape : (2211, 31)
[ 2026-07-31 20:54:24,592 ] 134 root - INFO - Expected Columns : 31
[ 2026-07-31 20:54:24,592 ] 138 root - INFO - Actual Columns : 31
[ 2026-07-31 20:54:24,592 ] 158 root - INFO - Schema Validation Passed.
[ 2026-07-31 20:54:24,592 ] 134 root - INFO - Expected Columns : 31
[ 2026-07-31 20:54:24,592 ] 138 root - INFO - Actual Columns : 31
[ 2026-07-31 20:54:24,592 ] 158 root - INFO - Schema Validation Passed.
[ 2026-07-31 20:54:24,592 ] 77 root - ERROR - Pipeline execution failed.
Traceback (most recent call last):
  File "D:\MLOPS\Projects\NETWORK_SECURITY\networksecurity\components\data_validation.py", line 175, in validate_target_column
    target_column = self.schema_config["target_column"]
                    ~~~~~~~~~~~~~~~~~~^^^^^^^^^^^^^^^^^
KeyError: 'target_column'

During handling of the above exception, another exception occurred:

Traceback (most recent call last):
  File "D:\MLOPS\Projects\NETWORK_SECURITY\networksecurity\components\data_validation.py", line 606, in initiate_data_validation
    if not self.validate_target_column(train_df):
           ^^^^^^^^^^^^^^^^^^^^^^^^^^^^^^^^^^^^^
  File "D:\MLOPS\Projects\NETWORK_SECURITY\networksecurity\components\data_validation.py", line 192, in validate_target_column
    raise NetworkSecurityException(e, sys)
networksecurity.exception.exception.NetworkSecurityException: Error occurred in python script name [D:\MLOPS\Projects\NETWORK_SECURITY\networksecurity\components\data_validation.py] line number [175] error message ['target_column']

During handling of the above exception, another exception occurred:

Traceback (most recent call last):
  File "D:\MLOPS\Projects\NETWORK_SECURITY\main.py", line 64, in main
    data_validation.initiate_data_validation()
  File "D:\MLOPS\Projects\NETWORK_SECURITY\networksecurity\components\data_validation.py", line 791, in initiate_data_validation
    raise NetworkSecurityException(e, sys)
networksecurity.exception.exception.NetworkSecurityException: Error occurred in python script name [D:\MLOPS\Projects\NETWORK_SECURITY\networksecurity\components\data_validation.py] line number [606] error message [Error occurred in python script name [D:\MLOPS\Projects\NETWORK_SECURITY\networksecurity\components\data_validation.py] line number [175] error message ['target_column']]
