[ 2026-07-31 20:47:40,262 ] 22 root - INFO - Logging has started.
[ 2026-07-31 20:47:40,324 ] 18 root - INFO - ============================================================
[ 2026-07-31 20:47:40,324 ] 19 root - INFO - Starting Network Security Training Pipeline
[ 2026-07-31 20:47:40,324 ] 20 root - INFO - ============================================================
[ 2026-07-31 20:47:40,529 ] 44 root - INFO - MongoDB connection established successfully.
[ 2026-07-31 20:47:40,529 ] 38 root - INFO - Starting Data Ingestion...
[ 2026-07-31 20:47:40,529 ] 183 root - INFO - ============================================================
[ 2026-07-31 20:47:40,529 ] 184 root - INFO - Starting Data Ingestion Pipeline
[ 2026-07-31 20:47:40,545 ] 185 root - INFO - ============================================================
[ 2026-07-31 20:47:40,545 ] 54 root - INFO - Exporting collection from MongoDB.
[ 2026-07-31 20:47:42,405 ] 85 root - INFO - Successfully fetched 11055 records from MongoDB.
[ 2026-07-31 20:47:42,479 ] 117 root - INFO - Feature Store created at: artifacts\07_31_2026_20_47_40\data_ingestion\feature_store\phisingData.csv
[ 2026-07-31 20:47:42,479 ] 134 root - INFO - Performing Train-Test Split.
[ 2026-07-31 20:47:42,542 ] 167 root - INFO - Training data saved at: artifacts\07_31_2026_20_47_40\data_ingestion\ingested\train.csv
[ 2026-07-31 20:47:42,542 ] 171 root - INFO - Testing data saved at: artifacts\07_31_2026_20_47_40\data_ingestion\ingested\test.csv
[ 2026-07-31 20:47:42,542 ] 198 root - INFO - Data Ingestion Completed Successfully.
[ 2026-07-31 20:47:42,542 ] 44 root - INFO - Data Ingestion Completed Successfully.
[ 2026-07-31 20:47:42,545 ] 50 root - INFO - Initializing Data Validation Component.
[ 2026-07-31 20:47:42,547 ] 59 root - INFO - Schema loaded successfully.
[ 2026-07-31 20:47:42,547 ] 61 root - INFO - Starting Data Validation...
[ 2026-07-31 20:47:42,547 ] 558 root - INFO - ======================================================================
[ 2026-07-31 20:47:42,547 ] 559 root - INFO - Starting Data Validation Pipeline
[ 2026-07-31 20:47:42,547 ] 560 root - INFO - ======================================================================
[ 2026-07-31 20:47:42,547 ] 80 root - INFO - Reading dataset : artifacts\07_31_2026_20_47_40\data_ingestion\ingested\train.csv
[ 2026-07-31 20:47:42,612 ] 84 root - INFO - Dataset Shape : (8844, 31)
[ 2026-07-31 20:47:42,612 ] 80 root - INFO - Reading dataset : artifacts\07_31_2026_20_47_40\data_ingestion\ingested\test.csv
[ 2026-07-31 20:47:42,646 ] 84 root - INFO - Dataset Shape : (2211, 31)
[ 2026-07-31 20:47:42,646 ] 494 root - INFO - Train Shape : (8844, 31)
[ 2026-07-31 20:47:42,646 ] 498 root - INFO - Test Shape : (2211, 31)
[ 2026-07-31 20:47:42,646 ] 131 root - INFO - Expected Columns : 31
[ 2026-07-31 20:47:42,646 ] 135 root - INFO - Actual Columns : 31
[ 2026-07-31 20:47:42,646 ] 141 root - ERROR - Missing Columns : [{'having_IP_Address': 'int64'}, {'URL_Length': 'int64'}, {'Shortining_Service': 'int64'}, {'having_At_Symbol': 'int64'}, {'double_slash_redirecting': 'int64'}, {'Prefix_Suffix': 'int64'}, {'having_Sub_Domain': 'int64'}, {'SSLfinal_State': 'int64'}, {'Domain_registeration_length': 'int64'}, {'Favicon': 'int64'}, {'port': 'int64'}, {'HTTPS_token': 'int64'}, {'Request_URL': 'int64'}, {'URL_of_Anchor': 'int64'}, {'Links_in_tags': 'int64'}, {'SFH': 'int64'}, {'Submitting_to_email': 'int64'}, {'Abnormal_URL': 'int64'}, {'Redirect': 'int64'}, {'on_mouseover': 'int64'}, {'RightClick': 'int64'}, {'popUpWidnow': 'int64'}, {'Iframe': 'int64'}, {'age_of_domain': 'int64'}, {'DNSRecord': 'int64'}, {'web_traffic': 'int64'}, {'Page_Rank': 'int64'}, {'Google_Index': 'int64'}, {'Links_pointing_to_page': 'int64'}, {'Statistical_report': 'int64'}, {'Result': 'int64'}]
[ 2026-07-31 20:47:42,646 ] 147 root - ERROR - Extra Columns : ['having_IP_Address', 'URL_Length', 'Shortining_Service', 'having_At_Symbol', 'double_slash_redirecting', 'Prefix_Suffix', 'having_Sub_Domain', 'SSLfinal_State', 'Domain_registeration_length', 'Favicon', 'port', 'HTTPS_token', 'Request_URL', 'URL_of_Anchor', 'Links_in_tags', 'SFH', 'Submitting_to_email', 'Abnormal_URL', 'Redirect', 'on_mouseover', 'RightClick', 'popUpWidnow', 'Iframe', 'age_of_domain', 'DNSRecord', 'web_traffic', 'Page_Rank', 'Google_Index', 'Links_pointing_to_page', 'Statistical_report', 'Result']
[ 2026-07-31 20:47:42,646 ] 77 root - ERROR - Pipeline execution failed.
Traceback (most recent call last):
  File "D:\MLOPS\Projects\NETWORK_SECURITY\networksecurity\components\data_validation.py", line 589, in initiate_data_validation
    raise Exception(
Exception: Training dataset schema validation failed.

During handling of the above exception, another exception occurred:

Traceback (most recent call last):
  File "D:\MLOPS\Projects\NETWORK_SECURITY\main.py", line 64, in main
    data_validation.initiate_data_validation()
  File "D:\MLOPS\Projects\NETWORK_SECURITY\networksecurity\components\data_validation.py", line 788, in initiate_data_validation
    raise NetworkSecurityException(e, sys)
networksecurity.exception.exception.NetworkSecurityException: Error occurred in python script name [D:\MLOPS\Projects\NETWORK_SECURITY\networksecurity\components\data_validation.py] line number [589] error message [Training dataset schema validation failed.]
