[ 2026-07-31 20:55:57,865 ] 22 root - INFO - Logging has started.
[ 2026-07-31 20:55:57,899 ] 18 root - INFO - ============================================================
[ 2026-07-31 20:55:57,899 ] 19 root - INFO - Starting Network Security Training Pipeline
[ 2026-07-31 20:55:57,899 ] 20 root - INFO - ============================================================
[ 2026-07-31 20:55:58,262 ] 44 root - INFO - MongoDB connection established successfully.
[ 2026-07-31 20:55:58,262 ] 38 root - INFO - Starting Data Ingestion...
[ 2026-07-31 20:55:58,262 ] 183 root - INFO - ============================================================
[ 2026-07-31 20:55:58,262 ] 184 root - INFO - Starting Data Ingestion Pipeline
[ 2026-07-31 20:55:58,276 ] 185 root - INFO - ============================================================
[ 2026-07-31 20:55:58,276 ] 54 root - INFO - Exporting collection from MongoDB.
[ 2026-07-31 20:56:00,202 ] 85 root - INFO - Successfully fetched 11055 records from MongoDB.
[ 2026-07-31 20:56:00,307 ] 117 root - INFO - Feature Store created at: artifacts\07_31_2026_20_55_57\data_ingestion\feature_store\phisingData.csv
[ 2026-07-31 20:56:00,307 ] 134 root - INFO - Performing Train-Test Split.
[ 2026-07-31 20:56:00,374 ] 167 root - INFO - Training data saved at: artifacts\07_31_2026_20_55_57\data_ingestion\ingested\train.csv
[ 2026-07-31 20:56:00,374 ] 171 root - INFO - Testing data saved at: artifacts\07_31_2026_20_55_57\data_ingestion\ingested\test.csv
[ 2026-07-31 20:56:00,374 ] 198 root - INFO - Data Ingestion Completed Successfully.
[ 2026-07-31 20:56:00,374 ] 44 root - INFO - Data Ingestion Completed Successfully.
[ 2026-07-31 20:56:00,385 ] 50 root - INFO - Initializing Data Validation Component.
[ 2026-07-31 20:56:00,390 ] 59 root - INFO - Schema loaded successfully.
[ 2026-07-31 20:56:00,390 ] 61 root - INFO - Starting Data Validation...
[ 2026-07-31 20:56:00,390 ] 561 root - INFO - ======================================================================
[ 2026-07-31 20:56:00,390 ] 562 root - INFO - Starting Data Validation Pipeline
[ 2026-07-31 20:56:00,390 ] 563 root - INFO - ======================================================================
[ 2026-07-31 20:56:00,390 ] 80 root - INFO - Reading dataset : artifacts\07_31_2026_20_55_57\data_ingestion\ingested\train.csv
[ 2026-07-31 20:56:00,421 ] 84 root - INFO - Dataset Shape : (8844, 31)
[ 2026-07-31 20:56:00,421 ] 80 root - INFO - Reading dataset : artifacts\07_31_2026_20_55_57\data_ingestion\ingested\test.csv
[ 2026-07-31 20:56:00,461 ] 84 root - INFO - Dataset Shape : (2211, 31)
[ 2026-07-31 20:56:00,461 ] 497 root - INFO - Train Shape : (8844, 31)
[ 2026-07-31 20:56:00,461 ] 501 root - INFO - Test Shape : (2211, 31)
[ 2026-07-31 20:56:00,461 ] 134 root - INFO - Expected Columns : 31
[ 2026-07-31 20:56:00,461 ] 138 root - INFO - Actual Columns : 31
[ 2026-07-31 20:56:00,461 ] 158 root - INFO - Schema Validation Passed.
[ 2026-07-31 20:56:00,461 ] 134 root - INFO - Expected Columns : 31
[ 2026-07-31 20:56:00,461 ] 138 root - INFO - Actual Columns : 31
[ 2026-07-31 20:56:00,461 ] 158 root - INFO - Schema Validation Passed.
[ 2026-07-31 20:56:00,461 ] 185 root - INFO - Target Column Validation Passed.
[ 2026-07-31 20:56:00,461 ] 185 root - INFO - Target Column Validation Passed.
[ 2026-07-31 20:56:00,461 ] 77 root - ERROR - Pipeline execution failed.
Traceback (most recent call last):
  File "D:\MLOPS\Projects\NETWORK_SECURITY\networksecurity\components\data_validation.py", line 208, in validate_datatypes
    for column, expected_dtype in expected_schema.items():
                                  ^^^^^^^^^^^^^^^^^^^^^
AttributeError: 'list' object has no attribute 'items'

During handling of the above exception, another exception occurred:

Traceback (most recent call last):
  File "D:\MLOPS\Projects\NETWORK_SECURITY\networksecurity\components\data_validation.py", line 622, in initiate_data_validation
    if not self.validate_datatypes(train_df):
           ^^^^^^^^^^^^^^^^^^^^^^^^^^^^^^^^^
  File "D:\MLOPS\Projects\NETWORK_SECURITY\networksecurity\components\data_validation.py", line 233, in validate_datatypes
    raise NetworkSecurityException(e, sys)
networksecurity.exception.exception.NetworkSecurityException: Error occurred in python script name [D:\MLOPS\Projects\NETWORK_SECURITY\networksecurity\components\data_validation.py] line number [208] error message ['list' object has no attribute 'items']

During handling of the above exception, another exception occurred:

Traceback (most recent call last):
  File "D:\MLOPS\Projects\NETWORK_SECURITY\main.py", line 64, in main
    data_validation.initiate_data_validation()
  File "D:\MLOPS\Projects\NETWORK_SECURITY\networksecurity\components\data_validation.py", line 791, in initiate_data_validation
    raise NetworkSecurityException(e, sys)
networksecurity.exception.exception.NetworkSecurityException: Error occurred in python script name [D:\MLOPS\Projects\NETWORK_SECURITY\networksecurity\components\data_validation.py] line number [622] error message [Error occurred in python script name [D:\MLOPS\Projects\NETWORK_SECURITY\networksecurity\components\data_validation.py] line number [208] error message ['list' object has no attribute 'items']]
